[dataset] records=194119 | train=194119 | formulas=17634 | adducts=2 | charges=1
[dataset] records=194119 | train=194119 | formulas=17634 | adducts=2 | charges=1 | preview_unique_smiles=131 | '#C'=0
[device] cuda_available= True device= cuda model= cuda:0 dreams= cuda:0
step 00050 | total 8.3165 | L_con 4.1799 | L_con_m 4.1435 | L_map 0.0010 | L_sup 4.1680 | L_ortho 0.000000 | L_hard 2.831911 | L_dec 0.0032 | L_fwd 0.0010 | acc@1 0.031 | cos(+) -0.000 | cos(-) -0.001 | ln(B) 4.159
step 00100 | total 8.1381 | L_con 4.0692 | L_con_m 4.0780 | L_map 0.0010 | L_sup 4.0552 | L_ortho 0.000000 | L_hard 2.787162 | L_dec 0.0032 | L_fwd 0.0010 | acc@1 0.016 | cos(+) 0.004 | cos(-) -0.005 | ln(B) 4.159
step 00150 | total 7.9960 | L_con 3.9921 | L_con_m 4.0121 | L_map 0.0010 | L_sup 3.9790 | L_ortho 0.000000 | L_hard 2.801875 | L_dec 0.0032 | L_fwd 0.0010 | acc@1 0.031 | cos(+) 0.014 | cos(-) -0.002 | ln(B) 4.159
step 00200 | total 7.8788 | L_con 3.9464 | L_con_m 3.9382 | L_map 0.0010 | L_sup 3.9358 | L_ortho 0.000000 | L_hard 2.663470 | L_dec 0.0032 | L_fwd 0.0010 | acc@1 0.062 | cos(+) 0.026 | cos(-) 0.005 | ln(B) 4.159
[val] step 200 | val_acc=0.0000 | IMPROVED
step 00250 | total 7.4076 | L_con 3.8081 | L_con_m 3.6131 | L_map 0.0009 | L_sup 3.7901 | L_ortho 0.000000 | L_hard 2.564312 | L_dec 0.0032 | L_fwd 0.0010 | acc@1 0.047 | cos(+) 0.046 | cos(-) 0.007 | ln(B) 4.159
step 00300 | total 7.1052 | L_con 3.6503 | L_con_m 3.4868 | L_map 0.0008 | L_sup 3.6143 | L_ortho 0.000000 | L_hard 2.506872 | L_dec 0.0032 | L_fwd 0.0010 | acc@1 0.078 | cos(+) 0.071 | cos(-) 0.009 | ln(B) 4.159
step 00350 | total 7.4150 | L_con 3.8690 | L_con_m 3.6252 | L_map 0.0008 | L_sup 3.7857 | L_ortho 0.000000 | L_hard 2.535529 | L_dec 0.0032 | L_fwd 0.0010 | acc@1 0.016 | cos(+) 0.077 | cos(-) 0.029 | ln(B) 4.159
step 00400 | total 6.9138 | L_con 3.6514 | L_con_m 3.3240 | L_map 0.0008 | L_sup 3.5860 | L_ortho 0.000000 | L_hard 2.485532 | L_dec 0.0032 | L_fwd 0.0010 | acc@1 0.109 | cos(+) 0.122 | cos(-) 0.053 | ln(B) 4.159
[val] step 400 | val_acc=0.0312 | IMPROVED
step 00450 | total 7.0586 | L_con 3.7007 | L_con_m 3.4351 | L_map 0.0008 | L_sup 3.6196 | L_ortho 0.000000 | L_hard 2.469823 | L_dec 0.0032 | L_fwd 0.0010 | acc@1 0.047 | cos(+) 0.100 | cos(-) 0.028 | ln(B) 4.159
step 00500 | total 6.9042 | L_con 3.5196 | L_con_m 3.3834 | L_map 0.0008 | L_sup 3.5170 | L_ortho 0.000000 | L_hard 2.632003 | L_dec 0.0032 | L_fwd 0.0010 | acc@1 0.078 | cos(+) 0.117 | cos(-) 0.015 | ln(B) 4.159
step 00550 | total 5.9679 | L_con 3.1171 | L_con_m 2.8725 | L_map 0.0007 | L_sup 3.0917 | L_ortho 0.000000 | L_hard 2.265335 | L_dec 0.0032 | L_fwd 0.0010 | acc@1 0.172 | cos(+) 0.164 | cos(-) 0.023 | ln(B) 4.159
step 00600 | total 6.0860 | L_con 3.1885 | L_con_m 2.8937 | L_map 0.0007 | L_sup 3.1886 | L_ortho 0.000000 | L_hard 2.119990 | L_dec 0.0032 | L_fwd 0.0010 | acc@1 0.141 | cos(+) 0.144 | cos(-) 0.007 | ln(B) 4.159
[val] step 600 | val_acc=0.0469 | IMPROVED
step 00650 | total 7.2806 | L_con 3.8249 | L_con_m 3.6211 | L_map 0.0008 | L_sup 3.6556 | L_ortho 0.000000 | L_hard 2.850852 | L_dec 0.0032 | L_fwd 0.0010 | acc@1 0.078 | cos(+) 0.120 | cos(-) 0.045 | ln(B) 4.159
step 00700 | total 6.7741 | L_con 3.5221 | L_con_m 3.2585 | L_map 0.0008 | L_sup 3.5118 | L_ortho 0.000000 | L_hard 2.467833 | L_dec 0.0032 | L_fwd 0.0010 | acc@1 0.031 | cos(+) 0.136 | cos(-) 0.036 | ln(B) 4.159
step 00750 | total 6.4372 | L_con 3.3132 | L_con_m 3.1393 | L_map 0.0008 | L_sup 3.2941 | L_ortho 0.000000 | L_hard 2.235754 | L_dec 0.0032 | L_fwd 0.0010 | acc@1 0.094 | cos(+) 0.147 | cos(-) 0.029 | ln(B) 4.159
step 00800 | total 7.0960 | L_con 3.7294 | L_con_m 3.5016 | L_map 0.0008 | L_sup 3.5903 | L_ortho 0.000000 | L_hard 2.528844 | L_dec 0.0032 | L_fwd 0.0010 | acc@1 0.062 | cos(+) 0.123 | cos(-) 0.047 | ln(B) 4.159
[val] step 800 | val_acc=0.0469 | no-improve (1/10)
step 00850 | total 6.2808 | L_con 3.2959 | L_con_m 3.0247 | L_map 0.0008 | L_sup 3.2523 | L_ortho 0.000000 | L_hard 2.205227 | L_dec 0.0032 | L_fwd 0.0010 | acc@1 0.094 | cos(+) 0.162 | cos(-) 0.040 | ln(B) 4.159
step 00900 | total 6.3321 | L_con 3.3101 | L_con_m 3.1230 | L_map 0.0008 | L_sup 3.2052 | L_ortho 0.000000 | L_hard 2.353368 | L_dec 0.0032 | L_fwd 0.0010 | acc@1 0.141 | cos(+) 0.159 | cos(-) 0.034 | ln(B) 4.159
step 00950 | total 6.2845 | L_con 3.2356 | L_con_m 3.1214 | L_map 0.0008 | L_sup 3.1594 | L_ortho 0.000000 | L_hard 2.299996 | L_dec 0.0032 | L_fwd 0.0010 | acc@1 0.078 | cos(+) 0.184 | cos(-) 0.036 | ln(B) 4.159
step 01000 | total 5.9700 | L_con 3.0425 | L_con_m 2.9539 | L_map 0.0007 | L_sup 3.0124 | L_ortho 0.000000 | L_hard 2.215436 | L_dec 0.0032 | L_fwd 0.0010 | acc@1 0.125 | cos(+) 0.224 | cos(-) 0.046 | ln(B) 4.159
[val] step 1000 | val_acc=0.0625 | IMPROVED
step 01050 | total 6.4432 | L_con 3.2568 | L_con_m 3.2353 | L_map 0.0008 | L_sup 3.2039 | L_ortho 0.000000 | L_hard 2.511394 | L_dec 0.0032 | L_fwd 0.0010 | acc@1 0.109 | cos(+) 0.167 | cos(-) 0.033 | ln(B) 4.159
step 01100 | total 6.3778 | L_con 3.3180 | L_con_m 3.1237 | L_map 0.0008 | L_sup 3.2502 | L_ortho 0.000000 | L_hard 2.277932 | L_dec 0.0032 | L_fwd 0.0010 | acc@1 0.125 | cos(+) 0.191 | cos(-) 0.053 | ln(B) 4.159
step 01150 | total 5.3310 | L_con 2.7028 | L_con_m 2.6462 | L_map 0.0007 | L_sup 2.6813 | L_ortho 0.000000 | L_hard 2.170563 | L_dec 0.0032 | L_fwd 0.0010 | acc@1 0.141 | cos(+) 0.268 | cos(-) 0.048 | ln(B) 4.159
step 01200 | total 6.1668 | L_con 3.1652 | L_con_m 3.0508 | L_map 0.0007 | L_sup 3.1124 | L_ortho 0.000000 | L_hard 2.341249 | L_dec 0.0032 | L_fwd 0.0010 | acc@1 0.188 | cos(+) 0.228 | cos(-) 0.044 | ln(B) 4.159
[val] step 1200 | val_acc=0.0469 | no-improve (1/10)
step 01250 | total 6.1322 | L_con 3.1365 | L_con_m 3.0298 | L_map 0.0007 | L_sup 3.0987 | L_ortho 0.000000 | L_hard 2.263736 | L_dec 0.0032 | L_fwd 0.0010 | acc@1 0.141 | cos(+) 0.238 | cos(-) 0.070 | ln(B) 4.159
step 01300 | total 5.4497 | L_con 2.8238 | L_con_m 2.6461 | L_map 0.0007 | L_sup 2.8001 | L_ortho 0.000000 | L_hard 2.000557 | L_dec 0.0032 | L_fwd 0.0010 | acc@1 0.188 | cos(+) 0.261 | cos(-) 0.057 | ln(B) 4.159
step 01350 | total 6.3915 | L_con 3.1915 | L_con_m 3.2065 | L_map 0.0007 | L_sup 3.1813 | L_ortho 0.000000 | L_hard 2.355832 | L_dec 0.0032 | L_fwd 0.0010 | acc@1 0.109 | cos(+) 0.227 | cos(-) 0.064 | ln(B) 4.159
step 01400 | total 6.2011 | L_con 3.1122 | L_con_m 3.0877 | L_map 0.0007 | L_sup 3.1097 | L_ortho 0.000000 | L_hard 2.390444 | L_dec 0.0032 | L_fwd 0.0010 | acc@1 0.109 | cos(+) 0.224 | cos(-) 0.036 | ln(B) 4.159
[val] step 1400 | val_acc=0.0625 | no-improve (2/10)
step 01450 | total 5.7158 | L_con 2.9199 | L_con_m 2.8147 | L_map 0.0007 | L_sup 2.8976 | L_ortho 0.000000 | L_hard 2.139737 | L_dec 0.0032 | L_fwd 0.0010 | acc@1 0.141 | cos(+) 0.258 | cos(-) 0.053 | ln(B) 4.159
step 01500 | total 6.8023 | L_con 3.4978 | L_con_m 3.3682 | L_map 0.0008 | L_sup 3.4303 | L_ortho 0.000000 | L_hard 2.584677 | L_dec 0.0032 | L_fwd 0.0010 | acc@1 0.094 | cos(+) 0.195 | cos(-) 0.041 | ln(B) 4.159
step 01550 | total 6.1246 | L_con 3.0533 | L_con_m 3.0419 | L_map 0.0007 | L_sup 3.0790 | L_ortho 0.000000 | L_hard 2.291070 | L_dec 0.0032 | L_fwd 0.0010 | acc@1 0.125 | cos(+) 0.245 | cos(-) 0.063 | ln(B) 4.159
step 01600 | total 5.3432 | L_con 2.7559 | L_con_m 2.6589 | L_map 0.0007 | L_sup 2.6808 | L_ortho 0.000000 | L_hard 2.051522 | L_dec 0.0032 | L_fwd 0.0010 | acc@1 0.094 | cos(+) 0.276 | cos(-) 0.057 | ln(B) 4.159
[val] step 1600 | val_acc=0.0625 | no-improve (3/10)
step 01650 | total 5.0853 | L_con 2.5848 | L_con_m 2.5600 | L_map 0.0007 | L_sup 2.5219 | L_ortho 0.000000 | L_hard 2.077669 | L_dec 0.0032 | L_fwd 0.0010 | acc@1 0.141 | cos(+) 0.297 | cos(-) 0.041 | ln(B) 4.159
step 01700 | total 6.6452 | L_con 3.4772 | L_con_m 3.3516 | L_map 0.0007 | L_sup 3.2899 | L_ortho 0.000000 | L_hard 2.527734 | L_dec 0.0032 | L_fwd 0.0010 | acc@1 0.094 | cos(+) 0.263 | cos(-) 0.122 | ln(B) 4.159
step 01750 | total 5.8513 | L_con 3.0416 | L_con_m 2.9118 | L_map 0.0007 | L_sup 2.9361 | L_ortho 0.000000 | L_hard 2.182096 | L_dec 0.0032 | L_fwd 0.0010 | acc@1 0.188 | cos(+) 0.272 | cos(-) 0.079 | ln(B) 4.159
step 01800 | total 5.8955 | L_con 3.0153 | L_con_m 2.9957 | L_map 0.0007 | L_sup 2.8962 | L_ortho 0.000000 | L_hard 2.024184 | L_dec 0.0032 | L_fwd 0.0010 | acc@1 0.156 | cos(+) 0.268 | cos(-) 0.043 | ln(B) 4.159
[val] step 1800 | val_acc=0.0625 | no-improve (4/10)
step 01850 | total 6.0314 | L_con 3.1582 | L_con_m 3.1053 | L_map 0.0007 | L_sup 2.9224 | L_ortho 0.000000 | L_hard 2.416933 | L_dec 0.0032 | L_fwd 0.0010 | acc@1 0.109 | cos(+) 0.248 | cos(-) 0.049 | ln(B) 4.159
step 01900 | total 5.8964 | L_con 3.0883 | L_con_m 2.9686 | L_map 0.0007 | L_sup 2.9243 | L_ortho 0.000000 | L_hard 2.275708 | L_dec 0.0032 | L_fwd 0.0010 | acc@1 0.078 | cos(+) 0.270 | cos(-) 0.069 | ln(B) 4.159
step 01950 | total 6.4487 | L_con 3.2980 | L_con_m 3.2796 | L_map 0.0007 | L_sup 3.1655 | L_ortho 0.000000 | L_hard 2.417868 | L_dec 0.0033 | L_fwd 0.0010 | acc@1 0.203 | cos(+) 0.261 | cos(-) 0.083 | ln(B) 4.159
step 02000 | total 5.6613 | L_con 2.9129 | L_con_m 2.9028 | L_map 0.0007 | L_sup 2.7551 | L_ortho 0.000000 | L_hard 2.198025 | L_dec 0.0032 | L_fwd 0.0010 | acc@1 0.078 | cos(+) 0.302 | cos(-) 0.063 | ln(B) 4.159
[val] step 2000 | val_acc=0.0469 | no-improve (5/10)
step 02050 | total 6.2867 | L_con 3.2482 | L_con_m 3.2497 | L_map 0.0007 | L_sup 3.0333 | L_ortho 0.000000 | L_hard 2.224223 | L_dec 0.0032 | L_fwd 0.0010 | acc@1 0.094 | cos(+) 0.261 | cos(-) 0.065 | ln(B) 4.159
step 02100 | total 5.3334 | L_con 2.6964 | L_con_m 2.7420 | L_map 0.0007 | L_sup 2.5880 | L_ortho 0.000000 | L_hard 2.103613 | L_dec 0.0032 | L_fwd 0.0010 | acc@1 0.141 | cos(+) 0.306 | cos(-) 0.053 | ln(B) 4.159
step 02150 | total 5.7729 | L_con 2.8963 | L_con_m 2.9321 | L_map 0.0007 | L_sup 2.8374 | L_ortho 0.000000 | L_hard 2.324807 | L_dec 0.0032 | L_fwd 0.0010 | acc@1 0.141 | cos(+) 0.300 | cos(-) 0.075 | ln(B) 4.159
step 02200 | total 5.8559 | L_con 2.9609 | L_con_m 3.0080 | L_map 0.0007 | L_sup 2.8444 | L_ortho 0.000000 | L_hard 2.199919 | L_dec 0.0033 | L_fwd 0.0010 | acc@1 0.141 | cos(+) 0.309 | cos(-) 0.095 | ln(B) 4.159
[val] step 2200 | val_acc=0.0469 | no-improve (6/10)
step 02250 | total 6.7459 | L_con 3.5950 | L_con_m 3.4285 | L_map 0.0007 | L_sup 3.3137 | L_ortho 0.000000 | L_hard 2.614482 | L_dec 0.0032 | L_fwd 0.0010 | acc@1 0.078 | cos(+) 0.265 | cos(-) 0.064 | ln(B) 4.159
step 02300 | total 6.3579 | L_con 3.2978 | L_con_m 3.1816 | L_map 0.0007 | L_sup 3.1728 | L_ortho 0.000000 | L_hard 2.302116 | L_dec 0.0032 | L_fwd 0.0010 | acc@1 0.125 | cos(+) 0.286 | cos(-) 0.126 | ln(B) 4.159
step 02350 | total 6.6819 | L_con 3.3729 | L_con_m 3.3195 | L_map 0.0007 | L_sup 3.3588 | L_ortho 0.000000 | L_hard 2.395092 | L_dec 0.0032 | L_fwd 0.0010 | acc@1 0.109 | cos(+) 0.288 | cos(-) 0.136 | ln(B) 4.159
step 02400 | total 6.2120 | L_con 3.1820 | L_con_m 3.1726 | L_map 0.0007 | L_sup 3.0359 | L_ortho 0.000000 | L_hard 2.480165 | L_dec 0.0032 | L_fwd 0.0010 | acc@1 0.094 | cos(+) 0.285 | cos(-) 0.094 | ln(B) 4.159
[val] step 2400 | val_acc=0.0312 | no-improve (7/10)
step 02450 | total 5.1881 | L_con 2.6189 | L_con_m 2.6332 | L_map 0.0007 | L_sup 2.5516 | L_ortho 0.000000 | L_hard 2.159876 | L_dec 0.0032 | L_fwd 0.0010 | acc@1 0.188 | cos(+) 0.352 | cos(-) 0.081 | ln(B) 4.159
step 02500 | total 5.6857 | L_con 2.8886 | L_con_m 2.8936 | L_map 0.0007 | L_sup 2.7886 | L_ortho 0.000000 | L_hard 2.436910 | L_dec 0.0032 | L_fwd 0.0010 | acc@1 0.125 | cos(+) 0.311 | cos(-) 0.063 | ln(B) 4.159
step 02550 | total 5.5772 | L_con 2.7902 | L_con_m 2.8091 | L_map 0.0007 | L_sup 2.7647 | L_ortho 0.000000 | L_hard 2.036219 | L_dec 0.0032 | L_fwd 0.0010 | acc@1 0.203 | cos(+) 0.340 | cos(-) 0.080 | ln(B) 4.159
step 02600 | total 5.8393 | L_con 3.0490 | L_con_m 2.9196 | L_map 0.0007 | L_sup 2.9163 | L_ortho 0.000000 | L_hard 2.210157 | L_dec 0.0032 | L_fwd 0.0010 | acc@1 0.078 | cos(+) 0.315 | cos(-) 0.061 | ln(B) 4.159
[val] step 2600 | val_acc=0.0469 | no-improve (8/10)
step 02650 | total 6.0501 | L_con 2.9832 | L_con_m 3.0205 | L_map 0.0007 | L_sup 3.0261 | L_ortho 0.000000 | L_hard 2.369123 | L_dec 0.0032 | L_fwd 0.0010 | acc@1 0.141 | cos(+) 0.326 | cos(-) 0.091 | ln(B) 4.159
step 02700 | total 6.2536 | L_con 3.0697 | L_con_m 3.1370 | L_map 0.0007 | L_sup 3.1132 | L_ortho 0.000000 | L_hard 2.278023 | L_dec 0.0032 | L_fwd 0.0010 | acc@1 0.125 | cos(+) 0.312 | cos(-) 0.112 | ln(B) 4.159
step 02750 | total 5.2334 | L_con 2.7015 | L_con_m 2.7039 | L_map 0.0006 | L_sup 2.5264 | L_ortho 0.000000 | L_hard 2.190772 | L_dec 0.0032 | L_fwd 0.0010 | acc@1 0.156 | cos(+) 0.370 | cos(-) 0.102 | ln(B) 4.159
step 02800 | total 5.8512 | L_con 3.0377 | L_con_m 2.9618 | L_map 0.0007 | L_sup 2.8861 | L_ortho 0.000000 | L_hard 2.373931 | L_dec 0.0032 | L_fwd 0.0010 | acc@1 0.078 | cos(+) 0.353 | cos(-) 0.092 | ln(B) 4.159
[val] step 2800 | val_acc=0.0469 | no-improve (9/10)
step 02850 | total 5.6144 | L_con 2.9054 | L_con_m 2.7885 | L_map 0.0007 | L_sup 2.8226 | L_ortho 0.000000 | L_hard 2.004910 | L_dec 0.0032 | L_fwd 0.0010 | acc@1 0.094 | cos(+) 0.358 | cos(-) 0.066 | ln(B) 4.159
step 02900 | total 5.6496 | L_con 2.9488 | L_con_m 2.8501 | L_map 0.0006 | L_sup 2.7962 | L_ortho 0.000000 | L_hard 2.086489 | L_dec 0.0032 | L_fwd 0.0010 | acc@1 0.188 | cos(+) 0.387 | cos(-) 0.155 | ln(B) 4.159
step 02950 | total 6.5490 | L_con 3.2696 | L_con_m 3.2841 | L_map 0.0007 | L_sup 3.2615 | L_ortho 0.000000 | L_hard 2.535775 | L_dec 0.0032 | L_fwd 0.0010 | acc@1 0.188 | cos(+) 0.317 | cos(-) 0.112 | ln(B) 4.159
step 03000 | total 5.4220 | L_con 2.8128 | L_con_m 2.7790 | L_map 0.0007 | L_sup 2.6398 | L_ortho 0.000000 | L_hard 1.962538 | L_dec 0.0032 | L_fwd 0.0010 | acc@1 0.125 | cos(+) 0.377 | cos(-) 0.112 | ln(B) 4.159
[val] step 3000 | val_acc=0.0469 | no-improve (10/10)
[early-stop] patience exhausted at step 3000. Best val_acc so far=-0.0625
[done] real training complete.
